// Jest Snapshot v1, https://goo.gl/fbAQLP

exports[`<Deck /> renders the component 1`] = `
<div
  className="deck"
>
  <h4
    className="deck__title"
  >
    test deck
  </h4>
  <div
    className="deck__info"
  >
    <Connect(DeckCards)
      deckId="0"
    />
    <Pluralize
      className=""
      count={0}
      plural="cards"
      singular="card"
    />
  </div>
</div>
`;
